../Core/Src/utils.c:16:6:HAL_UART_TxCpltCallback	16	static
../Core/Src/utils.c:27:6:startupPrompt	8	static
../Core/Src/utils.c:49:6:creationFailMessage	48	static
../Core/Src/utils.c:60:6:powerMessage	56	static
../Core/Src/utils.c:78:6:autoOffTimerMessage	56	static
../Core/Src/utils.c:87:6:strongBrewMessage	56	static
../Core/Src/utils.c:107:6:brewTypeMessage	56	static
../Core/Src/utils.c:131:6:waterLevelMessage	48	static
../Core/Src/utils.c:148:6:updateProgressBar	64	dynamic
../Core/Src/utils.c:177:6:progressAnimation	24	static
../Core/Src/utils.c:192:6:enoughWaterCheck	136	static
../Core/Src/utils.c:229:6:printIT	16	static
../Core/Src/utils.c:259:6:ledCtrl	24	static
../Core/Src/utils.c:294:6:getLedGpio	24	static
